// Jest Snapshot v1, https://goo.gl/fbAQLP

exports[`Pruebas en <GifItem /> debe de ser igual al snapshot 1`] = `
<div>
  <div
    class="card"
  >
    <img
      alt="Felipe"
      src="http://luisfelipegarcia.mx/"
    />
    <p>
      Felipe
    </p>
  </div>
</div>
`;
